******************************************************************************
                  TI ARM Linker PC v20.2.5                     
******************************************************************************
>> Linked Fri May 28 21:24:48 2021

OUTPUT FILE NAME:   <LucesLed.out>
ENTRY POINT SYMBOL: "_c_int00_noargs"  address: 000007d9


MEMORY CONFIGURATION

         name            origin    length      used     unused   attr    fill
----------------------  --------  ---------  --------  --------  ----  --------
  FLASH                 00000000   00040000  00000a6a  0003f596  R  X
  SRAM                  20000000   00008000  0000046c  00007b94  RW X


SEGMENT ALLOCATION MAP

run origin  load origin   length   init length attrs members
----------  ----------- ---------- ----------- ----- -------
00000000    00000000    00000a6c   00000a6c    r-x
  00000000    00000000    0000026c   0000026c    r-- .intvecs
  0000026c    0000026c    0000068e   0000068e    r-x .text
  000008fc    000008fc    0000015c   0000015c    r-- .const
  00000a58    00000a58    00000014   00000014    r-- .cinit
20000000    20000000    00000470   00000000    rw-
  20000000    20000000    0000026c   00000000    rw- .vtable
  20000270    20000270    00000200   00000000    rw- .stack


SECTION ALLOCATION MAP

 output                                  attributes/
section   page    origin      length       input sections
--------  ----  ----------  ----------   ----------------
.intvecs   0    00000000    0000026c     
                  00000000    0000026c     tm4c123gh6pm_startup_ccs.obj (.intvecs)

.text      0    0000026c    0000068e     
                  0000026c    00000132     driverlib.lib : gpio.obj (.text:GPIOPadConfigSet)
                  0000039e    00000002     --HOLE-- [fill = 0]
                  000003a0    00000110                   : sysctl.obj (.text:SysCtlClockGet)
                  000004b0    000000f4                   : sysctl.obj (.text:SysCtlClockSet)
                  000005a4    00000098     main.obj (.text)
                  0000063c    00000068     driverlib.lib : interrupt.obj (.text:IntEnable)
                  000006a4    00000046                   : uart.obj (.text:UARTConfigSetExpClk)
                  000006ea    00000002     --HOLE-- [fill = 0]
                  000006ec    00000044     rtsv7M4_T_le_v4SPD16_eabi.lib : autoinit.c.obj (.text:__TI_auto_init_nobinit_nopinit:__TI_auto_init_nobinit_nopinit)
                  00000730    00000040     driverlib.lib : uart.obj (.text:_UARTIntNumberGet)
                  00000770    00000034                   : interrupt.obj (.text:IntRegister)
                  000007a4    00000034                   : sysctl.obj (.text:SysCtlPeripheralEnable)
                  000007d8    00000034     rtsv7M4_T_le_v4SPD16_eabi.lib : boot_cortex_m.c.obj (.text:_c_int00_noargs:_c_int00_noargs)
                  0000080c    0000002a     driverlib.lib : gpio.obj (.text:GPIODirModeSet)
                  00000836    00000002     --HOLE-- [fill = 0]
                  00000838    00000020                   : uart.obj (.text:UARTDisable)
                  00000858    0000001c     rtsv7M4_T_le_v4SPD16_eabi.lib : copy_zero_init.c.obj (.text:decompress:ZI:__TI_zero_init_nomemset:__TI_zero_init_nomemset)
                  00000874    00000018     driverlib.lib : uart.obj (.text:UARTIntRegister)
                  0000088c    00000014                   : uart.obj (.text:UARTEnable)
                  000008a0    00000012                   : gpio.obj (.text:GPIOPinTypeUART)
                  000008b2    00000010                   : interrupt.obj (.text:IntMasterEnable)
                  000008c2    0000000c                   : cpu.obj (.text:CPUcpsie)
                  000008ce    0000000c     tm4c123gh6pm_startup_ccs.obj (.text)
                  000008da    00000008     driverlib.lib : uart.obj (.text:UARTIntEnable)
                  000008e2    00000006                   : sysctl.obj (.text:SysCtlDelay)
                  000008e8    00000006                   : uart.obj (.text:UARTFIFOLevelSet)
                  000008ee    00000004                   : uart.obj (.text:UARTIntClear)
                  000008f2    00000004     rtsv7M4_T_le_v4SPD16_eabi.lib : pre_init.c.obj (.text:_system_pre_init)
                  000008f6    00000004                                   : exit.c.obj (.text:abort:abort)

.const     0    000008fc    0000015c     
                  000008fc    00000070     driverlib.lib : interrupt.obj (.const)
                  0000096c    0000006c                   : sysctl.obj (.const:g_pui32Xtals)
                  000009d8    00000040                   : uart.obj (.const:g_ppui32UARTIntMap)
                  00000a18    00000040                   : uart.obj (.const:g_ppui32UARTIntMapSnowflake)

.cinit     0    00000a58    00000014     
                  00000a58    00000008     (.cinit..vtable.load) [load image, compression = zero_init]
                  00000a60    00000004     (__TI_handler_table)
                  00000a64    00000008     (__TI_cinit_table)

.init_array 
*          0    00000000    00000000     UNINITIALIZED

.vtable    0    20000000    0000026c     UNINITIALIZED
                  20000000    0000026c     driverlib.lib : interrupt.obj (.vtable)

.stack     0    20000270    00000200     UNINITIALIZED
                  20000270    00000004     rtsv7M4_T_le_v4SPD16_eabi.lib : boot_cortex_m.c.obj (.stack)
                  20000274    000001fc     --HOLE--

__llvm_prf_cnts 
*          0    20000000    00000000     UNINITIALIZED

MODULE SUMMARY

       Module                         code   ro data   rw data
       ------                         ----   -------   -------
    .\
       tm4c123gh6pm_startup_ccs.obj   12     620       0      
       main.obj                       152    0         0      
    +--+------------------------------+------+---------+---------+
       Total:                         164    620       0      
                                                              
    C:/ti/TivaWare_C_Series-2.1.4.178/driverlib/ccs/Debug/driverlib.lib
       interrupt.obj                  172    112       620    
       sysctl.obj                     574    108       0      
       gpio.obj                       366    0         0      
       uart.obj                       228    128       0      
       cpu.obj                        12     0         0      
    +--+------------------------------+------+---------+---------+
       Total:                         1352   348       620    
                                                              
    C:\ti\ccs1031\ccs\tools\compiler\ti-cgt-arm_20.2.5.LTS\lib\rtsv7M4_T_le_v4SPD16_eabi.lib
       autoinit.c.obj                 68     0         0      
       boot_cortex_m.c.obj            52     0         0      
       copy_zero_init.c.obj           28     0         0      
       exit.c.obj                     4      0         0      
       pre_init.c.obj                 4      0         0      
    +--+------------------------------+------+---------+---------+
       Total:                         156    0         0      
                                                              
       Stack:                         0      0         512    
       Linker Generated:              0      20        0      
    +--+------------------------------+------+---------+---------+
       Grand Total:                   1672   988       1132   


LINKER GENERATED COPY TABLES

__TI_cinit_table @ 00000a64 records: 1, size/record: 8, table size: 8
	.vtable: load addr=00000a58, load size=00000008 bytes, run addr=20000000, run size=0000026c bytes, compression=zero_init


LINKER GENERATED HANDLER TABLE

__TI_handler_table @ 00000a60 records: 1, size/record: 4, table size: 4
	index: 0, handler: __TI_zero_init


GLOBAL SYMBOLS: SORTED ALPHABETICALLY BY Name 

address   name                          
-------   ----                          
000008f7  C$$EXIT                       
000008c3  CPUcpsie                      
0000080d  GPIODirModeSet                
0000026d  GPIOPadConfigSet              
000008a1  GPIOPinTypeUART               
0000063d  IntEnable                     
000008b3  IntMasterEnable               
00000771  IntRegister                   
000008cf  ResetISR                      
000003a1  SysCtlClockGet                
000004b1  SysCtlClockSet                
000008e3  SysCtlDelay                   
000007a5  SysCtlPeripheralEnable        
000006a5  UARTConfigSetExpClk           
00000839  UARTDisable                   
0000088d  UARTEnable                    
000008e9  UARTFIFOLevelSet              
000008ef  UARTIntClear                  
000008db  UARTIntEnable                 
00000615  UARTIntHandler                
00000875  UARTIntRegister               
20000470  __STACK_END                   
00000200  __STACK_SIZE                  
20000470  __STACK_TOP                   
00000a64  __TI_CINIT_Base               
00000a6c  __TI_CINIT_Limit              
00000a60  __TI_Handler_Table_Base       
00000a64  __TI_Handler_Table_Limit      
000006ed  __TI_auto_init_nobinit_nopinit
ffffffff  __TI_pprof_out_hndl           
ffffffff  __TI_prof_data_size           
ffffffff  __TI_prof_data_start          
00000000  __TI_static_base__            
00000859  __TI_zero_init_nomemset       
ffffffff  __binit__                     
ffffffff  __c_args__                    
UNDEFED   __mpu_init                    
20000270  __stack                       
20000000  __start___llvm_prf_cnts       
20000000  __stop___llvm_prf_cnts        
000007d9  _c_int00_noargs               
UNDEFED   _system_post_cinit            
000008f3  _system_pre_init              
000008f7  abort                         
ffffffff  binit                         
20000000  g_pfnRAMVectors               
00000000  g_pfnVectors                  
0000060d  main                          
000005a5  setup                         


GLOBAL SYMBOLS: SORTED BY Symbol Address 

address   name                          
-------   ----                          
00000000  __TI_static_base__            
00000000  g_pfnVectors                  
00000200  __STACK_SIZE                  
0000026d  GPIOPadConfigSet              
000003a1  SysCtlClockGet                
000004b1  SysCtlClockSet                
000005a5  setup                         
0000060d  main                          
00000615  UARTIntHandler                
0000063d  IntEnable                     
000006a5  UARTConfigSetExpClk           
000006ed  __TI_auto_init_nobinit_nopinit
00000771  IntRegister                   
000007a5  SysCtlPeripheralEnable        
000007d9  _c_int00_noargs               
0000080d  GPIODirModeSet                
00000839  UARTDisable                   
00000859  __TI_zero_init_nomemset       
00000875  UARTIntRegister               
0000088d  UARTEnable                    
000008a1  GPIOPinTypeUART               
000008b3  IntMasterEnable               
000008c3  CPUcpsie                      
000008cf  ResetISR                      
000008db  UARTIntEnable                 
000008e3  SysCtlDelay                   
000008e9  UARTFIFOLevelSet              
000008ef  UARTIntClear                  
000008f3  _system_pre_init              
000008f7  C$$EXIT                       
000008f7  abort                         
00000a60  __TI_Handler_Table_Base       
00000a64  __TI_CINIT_Base               
00000a64  __TI_Handler_Table_Limit      
00000a6c  __TI_CINIT_Limit              
20000000  __start___llvm_prf_cnts       
20000000  __stop___llvm_prf_cnts        
20000000  g_pfnRAMVectors               
20000270  __stack                       
20000470  __STACK_END                   
20000470  __STACK_TOP                   
ffffffff  __TI_pprof_out_hndl           
ffffffff  __TI_prof_data_size           
ffffffff  __TI_prof_data_start          
ffffffff  __binit__                     
ffffffff  __c_args__                    
ffffffff  binit                         
UNDEFED   __mpu_init                    
UNDEFED   _system_post_cinit            

[49 symbols]
